Microchip MPLAB XC8 Compiler V1.44 ()

Linker command line:

-W-3 --edf=C:\Program Files (x86)\Microchip\xc8\v1.44\dat\en_msgs.txt -cs \
  -h+dist/default/production\PIC_Capture.X.production.sym \
  --cmf=dist/default/production\PIC_Capture.X.production.cmf -z -Q16F876A \
  -oC:\Users\Pz\AppData\Local\Temp\sno.2 \
  -Mdist/default/production/PIC_Capture.X.production.map -E1 -ver=XC8 \
  -ASTACK=0110h-016fh -pstack=STACK -ACODE=00h-07FFhx4 -ASTRCODE=00h-01FFFh \
  -ASTRING=00h-0FFhx32 -ACONST=00h-0FFhx32 -AENTRY=00h-0FFhx32 \
  -ACOMMON=070h-07Fh -ABANK0=020h-06Fh -ABANK1=0A0h-0EFh \
  -ABANK2=0110h-016Fh -ABANK3=0190h-01EFh \
  -ARAM=020h-06Fh,0A0h-0EFh,0110h-016Fh,0190h-01EFh \
  -AABS1=020h-07Fh,0A0h-0EFh,0110h-016Fh,0190h-01EFh -ASFR0=00h-01Fh \
  -ASFR1=080h-09Fh -ASFR2=0100h-010Fh -ASFR3=0180h-018Fh \
  -preset_vec=00h,intentry=04h,init,end_init -ppowerup=CODE -pcinit=CODE \
  -pfunctab=ENTRY -ACONFIG=02007h-02007h -pconfig=CONFIG -DCONFIG=2 \
  -AIDLOC=02000h-02003h -pidloc=IDLOC -DIDLOC=2 -AEEDATA=00h-0FFh/02100h \
  -peeprom_data=EEDATA -DEEDATA=2 -DCODE=2 -DSTRCODE=2 -DSTRING=2 -DCONST=2 \
  -DENTRY=2 -k C:\Users\Pz\AppData\Local\Temp\sno.obj \
  dist/default/production\PIC_Capture.X.production.obj 

Object code version is 3.11

Machine type is 16F876A



                Name                               Link     Load   Length Selector   Space Scale
C:\Users\Pz\AppData\Local\Temp\sno.obj
                end_init                             12       12        3        8       0
                reset_vec                             0        0        3        0       0
                config                             2007     2007        1     400E       0
dist/default/production\PIC_Capture.X.production.obj
                cinit                                15       15       31        8       0
                intentry                              4        4        E        8       0
                text20                              C21      C21       97     1842       0
                text19                              9D6      9D6       41     13AC       0
                text18                              998      998       3E     1330       0
                text17                              ABF      ABF       66     157E       0
                text16                              B25      B25       6E     164A       0
                text15                               46       46       B8        8       0
                text14                              CB8      CB8       D3     1970       0
                text13                              B93      B93       8E     1726       0
                text12                              969      969       2F     12D2       0
                text11                              894      894        F     1128       0
                text10                              8F8      8F8       20     11F0       0
                text9                               7CD      7CD       31      C38       0
                text8                               A64      A64       5B     14C8       0
                text7                               A17      A17       4D     142E       0
                text6                               8A3      8A3        F     1146       0
                text5                               918      918       27     1230       0
                text4                               8C3      8C3       19     1186       0
                text3                               D8B      D8B       DE     1B16       0
                text2                               93F      93F       2A     127E       0
                text1                               E69      E69      197     1CD2       0
                maintext                            61C      61C      1B1      C38       0
                cstackBANK0                          20       20       40       20       1
                cstackCOMMON                         70       70        8       70       1
                cstackBANK1                          C3       C3        4       A0       1
                inittext                            8B2      8B2       11     1164       0
                dataBANK1                            A0       A0       1C       A0       1
                bssBANK1                             BC       BC        7       A0       1
                dataBANK0                            67       67        7       20       1
                bssBANK0                             60       60        7       20       1
                bssCOMMON                            78       78        2       70       1
                stringtext                          100      100      51C        2       0
                idataBANK1                          8DC      8DC       1C     11B8       0
                idataBANK0                          88D      88D        7     111A       0

TOTAL           Name                               Link     Load   Length     Space
        CLASS   STACK          

        CLASS   CODE           
                end_init                             12       12        3         0
                cinit                                15       15       31         0
                intentry                              4        4        E         0
                reset_vec                             0        0        3         0
                text20                              C21      C21       97         0
                text19                              9D6      9D6       41         0
                text18                              998      998       3E         0
                text17                              ABF      ABF       66         0
                text16                              B25      B25       6E         0
                text15                               46       46       B8         0
                text14                              CB8      CB8       D3         0
                text13                              B93      B93       8E         0
                text12                              969      969       2F         0
                text11                              894      894        F         0
                text10                              8F8      8F8       20         0
                text9                               7CD      7CD       31         0
                text8                               A64      A64       5B         0
                text7                               A17      A17       4D         0
                text6                               8A3      8A3        F         0
                text5                               918      918       27         0
                text4                               8C3      8C3       19         0
                text3                               D8B      D8B       DE         0
                text2                               93F      93F       2A         0
                text1                               E69      E69      197         0
                maintext                            61C      61C      1B1         0
                inittext                            8B2      8B2       11         0
                idataBANK1                          8DC      8DC       1C         0
                idataBANK0                          88D      88D        7         0

        CLASS   STRCODE        
                stringtext                          100      100      51C         0

        CLASS   STRING         

        CLASS   CONST          

        CLASS   ENTRY          

        CLASS   COMMON         
                cstackCOMMON                         70       70        8         1
                bssCOMMON                            78       78        2         1

        CLASS   BANK0          
                cstackBANK0                          20       20       40         1
                dataBANK0                            67       67        7         1
                bssBANK0                             60       60        7         1

        CLASS   BANK1          
                cstackBANK1                          C3       C3        4         1
                dataBANK1                            A0       A0       1C         1
                bssBANK1                             BC       BC        7         1

        CLASS   BANK2          

        CLASS   BANK3          

        CLASS   RAM            

        CLASS   ABS1           
                abs_s1                               7E       7E        2         1

        CLASS   SFR0           

        CLASS   SFR1           

        CLASS   SFR2           

        CLASS   SFR3           

        CLASS   CONFIG         
                config                             2007     2007        1         0

        CLASS   IDLOC          

        CLASS   EEDATA         



SEGMENTS        Name                           Load    Length   Top    Selector   Space  Class     Delta

                reset_vec                      000000  000003  000003         0       0  CODE        2
                intentry                       000004  0000FA  0000FE         8       0  CODE        2
                cstackBANK0                    000020  00004E  00006E        20       1  BANK0       1
                cstackCOMMON                   000070  00000A  00007A        70       1  COMMON      1
                dataBANK1                      0000A0  000027  0000C7        A0       1  BANK1       1
                stringtext                     000100  00051C  00061C         2       0  STRCODE     2
                maintext                       00061C  0001E2  0007FE       C38       0  CODE        2
                idataBANK0                     00088D  000007  000894      111A       0  CODE        2
                text11                         000894  00000F  0008A3      1128       0  CODE        2
                text6                          0008A3  00000F  0008B2      1146       0  CODE        2
                inittext                       0008B2  000011  0008C3      1164       0  CODE        2
                text4                          0008C3  000019  0008DC      1186       0  CODE        2
                idataBANK1                     0008DC  00001C  0008F8      11B8       0  CODE        2
                text10                         0008F8  000020  000918      11F0       0  CODE        2
                text5                          000918  000027  00093F      1230       0  CODE        2
                text2                          00093F  00002A  000969      127E       0  CODE        2
                text12                         000969  00002F  000998      12D2       0  CODE        2
                text18                         000998  00003E  0009D6      1330       0  CODE        2
                text19                         0009D6  000041  000A17      13AC       0  CODE        2
                text7                          000A17  00004D  000A64      142E       0  CODE        2
                text8                          000A64  00005B  000ABF      14C8       0  CODE        2
                text17                         000ABF  000066  000B25      157E       0  CODE        2
                text16                         000B25  00006E  000B93      164A       0  CODE        2
                text13                         000B93  00008E  000C21      1726       0  CODE        2
                text20                         000C21  000097  000CB8      1842       0  CODE        2
                text14                         000CB8  0000D3  000D8B      1970       0  CODE        2
                text3                          000D8B  0000DE  000E69      1B16       0  CODE        2
                text1                          000E69  000197  001000      1CD2       0  CODE        2
                config                         002007  000001  002008      400E       0  CONFIG      2


UNUSED ADDRESS RANGES

        Name                Unused          Largest block    Delta
        BANK0            006E-006F              2           1
        BANK1            00C7-00EF             29           1
        BANK2            0110-016F             60           1
        BANK3            0190-01EF             60           1
        CODE             0003-0003              1           2
                         00FE-00FF              2
                         07FE-088C              2
                         1000-1FFF            800
        COMMON           007A-007D              4           1
        CONST            0003-0003              1           2
                         00FE-00FF              2
                         07FE-088C              2
                         1000-1FFF            100
        EEDATA           2100-21FF            100           2
        ENTRY            0003-0003              1           2
                         00FE-00FF              2
                         07FE-088C              2
                         1000-1FFF            100
        IDLOC            2000-2003              4           2
        RAM              006E-006F              2           1
                         00C7-00EF             29
                         0110-016F             60
                         0190-01EF             60
        SFR0             0000-001F             20           1
        SFR1             0080-009F             20           1
        SFR2             0100-010F             10           1
        SFR3             0180-018F             10           1
        STACK            0110-016F             60           1
        STRCODE          0003-0003              1           2
                         00FE-00FF              2
                         07FE-088C             8F
                         1000-1FFF           1000
        STRING           0003-0003              1           2
                         00FE-00FF              2
                         07FE-088C              2
                         1000-1FFF            100

                                  Symbol Table

?_T_computing                        cstackBANK0  002C
?___awdiv                            cstackCOMMON 0074
?___awmod                            cstackBANK0  0025
?___ftdiv                            cstackBANK0  002A
?___ftmul                            cstackBANK0  003A
?___ftpack                           cstackBANK0  0020
?___fttol                            cstackCOMMON 0074
?___lltoft                           cstackBANK0  0025
?___lmul                             cstackBANK0  0020
?___lwdiv                            cstackCOMMON 0074
?___wmul                             cstackCOMMON 0074
Display_symbol@char_0                cstackBANK0  0026
Page_and_Column_adress_set@Column    cstackCOMMON 0077
Page_and_Column_adress_set@Page      cstackBANK0  0024
Page_and_Column_adress_set@c0        cstackBANK0  0025
Page_and_Column_adress_set@c1        cstackBANK0  0026
T_computing@T                        cstackBANK0  0036
T_computing@w0                       cstackBANK0  003A
_CCP1CON                             (abs)        0017
_CCPR1                               (abs)        0015
_Display_symbol                      text3        0D8B
_INTCONbits                          (abs)        000B
_OPTION_REGbits                      (abs)        0081
_PIE1bits                            (abs)        008C
_PIR1bits                            (abs)        000C
_PORTB                               (abs)        0006
_PORTBbits                           (abs)        0006
_PORTCbits                           (abs)        0007
_Page_and_Column_adress_set          text9        07CD
_T1CONbits                           (abs)        0010
_TMR0                                (abs)        0001
_TMR1                                (abs)        000E
_TMR1_overflow_counter               bssCOMMON    0078
_TRISAbits                           (abs)        0085
_TRISB                               (abs)        0086
_TRISCbits                           (abs)        0087
_TTTT                                bssBANK0     0063
_T_computing                         text17       0ABF
_V                                   bssBANK0     0060
__CFG_BOREN$OFF                      (abs)        0000
__CFG_CP$OFF                         (abs)        0000
__CFG_CPD$OFF                        (abs)        0000
__CFG_FOSC$HS                        (abs)        0000
__CFG_LVP$OFF                        (abs)        0000
__CFG_PWRTE$OFF                      (abs)        0000
__CFG_WDTE$OFF                       (abs)        0000
__CFG_WRT$OFF                        (abs)        0000
__Habs1                              abs1         0000
__Hbank0                             bank0        0000
__Hbank1                             bank1        0000
__Hbank2                             bank2        0000
__Hbank3                             bank3        0000
__HbssBANK0                          bssBANK0     0000
__HbssBANK1                          bssBANK1     0000
__HbssCOMMON                         bssCOMMON    0000
__Hcinit                             cinit        0046
__Hclrtext                           clrtext      0000
__Hcode                              code         0000
__Hcommon                            common       0000
__Hconfig                            config       2008
__HcstackBANK0                       cstackBANK0  0000
__HcstackBANK1                       cstackBANK1  0000
__HcstackCOMMON                      cstackCOMMON 0000
__HdataBANK0                         dataBANK0    0000
__HdataBANK1                         dataBANK1    0000
__Heeprom_data                       eeprom_data  0000
__Hend_init                          end_init     0015
__Hfunctab                           functab      0000
__HidataBANK0                        idataBANK0   0000
__HidataBANK1                        idataBANK1   0000
__Hidloc                             idloc        0000
__Hinit                              init         0012
__Hinittext                          inittext     0000
__Hintentry                          intentry     0012
__Hmaintext                          maintext     0000
__Hpowerup                           powerup      0000
__Hram                               ram          0000
__Hreset_vec                         reset_vec    0003
__Hsfr0                              sfr0         0000
__Hsfr1                              sfr1         0000
__Hsfr2                              sfr2         0000
__Hsfr3                              sfr3         0000
__Hspace_0                           (abs)        2008
__Hspace_1                           (abs)        00C7
__Hspace_2                           (abs)        0000
__Hspace_3                           (abs)        0000
__Hstack                             stack        0000
__Hstrings                           strings      0000
__Hstringtext                        stringtext   0000
__Htext                              text         0000
__Labs1                              abs1         0000
__Lbank0                             bank0        0000
__Lbank1                             bank1        0000
__Lbank2                             bank2        0000
__Lbank3                             bank3        0000
__LbssBANK0                          bssBANK0     0000
__LbssBANK1                          bssBANK1     0000
__LbssCOMMON                         bssCOMMON    0000
__Lcinit                             cinit        0015
__Lclrtext                           clrtext      0000
__Lcode                              code         0000
__Lcommon                            common       0000
__Lconfig                            config       2007
__LcstackBANK0                       cstackBANK0  0000
__LcstackBANK1                       cstackBANK1  0000
__LcstackCOMMON                      cstackCOMMON 0000
__LdataBANK0                         dataBANK0    0000
__LdataBANK1                         dataBANK1    0000
__Leeprom_data                       eeprom_data  0000
__Lend_init                          end_init     0012
__Lfunctab                           functab      0000
__LidataBANK0                        idataBANK0   0000
__LidataBANK1                        idataBANK1   0000
__Lidloc                             idloc        0000
__Linit                              init         0012
__Linittext                          inittext     0000
__Lintentry                          intentry     0004
__Lmaintext                          maintext     0000
__Lpowerup                           powerup      0000
__Lram                               ram          0000
__Lreset_vec                         reset_vec    0000
__Lsfr0                              sfr0         0000
__Lsfr1                              sfr1         0000
__Lsfr2                              sfr2         0000
__Lsfr3                              sfr3         0000
__Lspace_0                           (abs)        0000
__Lspace_1                           (abs)        0000
__Lspace_2                           (abs)        0000
__Lspace_3                           (abs)        0000
__Lstack                             stack        0000
__Lstrings                           strings      0000
__Lstringtext                        stringtext   0000
__Ltext                              text         0000
__S0                                 (abs)        2008
__S1                                 (abs)        00C7
__S2                                 (abs)        0000
__S3                                 (abs)        0000
___awdiv                             text8        0A64
___awdiv@counter                     cstackBANK0  0021
___awdiv@dividend                    cstackCOMMON 0076
___awdiv@divisor                     cstackCOMMON 0074
___awdiv@quotient                    cstackBANK0  0023
___awdiv@sign                        cstackBANK0  0022
___awmod                             text7        0A17
___awmod@counter                     cstackBANK0  002A
___awmod@dividend                    cstackBANK0  0027
___awmod@divisor                     cstackBANK0  0025
___awmod@sign                        cstackBANK0  002B
___ftdiv                             text15       0046
___ftdiv@cntr                        cstackBANK0  0034
___ftdiv@exp                         cstackBANK0  0038
___ftdiv@f1                          cstackBANK0  002D
___ftdiv@f2                          cstackBANK0  002A
___ftdiv@f3                          cstackBANK0  0035
___ftdiv@sign                        cstackBANK0  0039
___ftmul                             text14       0CB8
___ftmul@cntr                        cstackBANK0  0048
___ftmul@exp                         cstackBANK0  0044
___ftmul@f1                          cstackBANK0  003A
___ftmul@f2                          cstackBANK0  003D
___ftmul@f3_as_product               cstackBANK0  0045
___ftmul@sign                        cstackBANK0  0049
___ftpack                            text16       0B25
___ftpack@arg                        cstackBANK0  0020
___ftpack@exp                        cstackBANK0  0023
___ftpack@sign                       cstackBANK0  0024
___fttol                             text13       0B93
___fttol@exp1                        cstackBANK0  0029
___fttol@f1                          cstackCOMMON 0074
___fttol@lval                        cstackBANK0  0025
___fttol@sign1                       cstackBANK0  0024
___int_sp                            stack        0000
___latbits                           (abs)        0002
___lltoft                            text12       0969
___lltoft@c                          cstackBANK0  0025
___lltoft@exp                        cstackBANK0  0029
___lmul                              text19       09D6
___lmul@multiplicand                 cstackBANK0  0024
___lmul@multiplier                   cstackBANK0  0020
___lmul@product                      cstackBANK0  0028
___lwdiv                             text18       0998
___lwdiv@counter                     cstackBANK0  0021
___lwdiv@dividend                    cstackCOMMON 0076
___lwdiv@divisor                     cstackCOMMON 0074
___lwdiv@quotient                    cstackBANK0  0022
___sp                                stack        0000
___wmul                              text5        0918
___wmul@multiplicand                 cstackCOMMON 0076
___wmul@multiplier                   cstackCOMMON 0074
___wmul@product                      cstackBANK0  0020
__end_of_Display_symbol              text3        0E69
__end_of_Page_and_Column_adress_set  text9        07FE
__end_of_T_computing                 text17       0B25
__end_of___awdiv                     text8        0ABF
__end_of___awmod                     text7        0A64
__end_of___ftdiv                     text15       00FE
__end_of___ftmul                     text14       0D8B
__end_of___ftpack                    text16       0B93
__end_of___fttol                     text13       0C21
__end_of___lltoft                    text12       0998
__end_of___lmul                      text19       0A17
__end_of___lwdiv                     text18       09D6
__end_of___wmul                      text5        093F
__end_of__initialization             cinit        0042
__end_of__stringtab                  stringtext   0112
__end_of_delay_1                     text6        08B2
__end_of_delay_2                     text11       08A3
__end_of_main                        maintext     07CD
__end_of_nlcd_Font                   stringtext   0612
__end_of_output_character_array      text2        0969
__end_of_something                   text20       0CB8
__end_of_ste2007_display_driver      text1        1000
__end_of_temp_char                   stringtext   061C
__end_of_transmit_command            text10       0918
__end_of_transmit_data               text4        08DC
__initialization                     cinit        0015
__pbssBANK0                          bssBANK0     0060
__pbssBANK1                          bssBANK1     00BC
__pbssCOMMON                         bssCOMMON    0078
__pcstackBANK0                       cstackBANK0  0020
__pcstackBANK1                       cstackBANK1  00C3
__pcstackCOMMON                      cstackCOMMON 0070
__pdataBANK0                         dataBANK0    0067
__pdataBANK1                         dataBANK1    00A0
__pidataBANK0                        idataBANK0   088D
__pidataBANK1                        idataBANK1   08DC
__pintentry                          intentry     0004
__pmaintext                          maintext     061C
__pstringtext                        stringtext   0100
__ptext1                             text1        0E69
__ptext10                            text10       08F8
__ptext11                            text11       0894
__ptext12                            text12       0969
__ptext13                            text13       0B93
__ptext14                            text14       0CB8
__ptext15                            text15       0046
__ptext16                            text16       0B25
__ptext17                            text17       0ABF
__ptext18                            text18       0998
__ptext19                            text19       09D6
__ptext2                             text2        093F
__ptext20                            text20       0C21
__ptext3                             text3        0D8B
__ptext4                             text4        08C3
__ptext5                             text5        0918
__ptext6                             text6        08A3
__ptext7                             text7        0A17
__ptext8                             text8        0A64
__ptext9                             text9        07CD
__size_of_Display_symbol             (abs)        0000
__size_of_Page_and_Column_adress_set (abs)        0000
__size_of_T_computing                (abs)        0000
__size_of___awdiv                    (abs)        0000
__size_of___awmod                    (abs)        0000
__size_of___ftdiv                    (abs)        0000
__size_of___ftmul                    (abs)        0000
__size_of___ftpack                   (abs)        0000
__size_of___fttol                    (abs)        0000
__size_of___lltoft                   (abs)        0000
__size_of___lmul                     (abs)        0000
__size_of___lwdiv                    (abs)        0000
__size_of___wmul                     (abs)        0000
__size_of_delay_1                    (abs)        0000
__size_of_delay_2                    (abs)        0000
__size_of_main                       (abs)        0000
__size_of_output_character_array     (abs)        0000
__size_of_something                  (abs)        0000
__size_of_ste2007_display_driver     (abs)        0000
__size_of_transmit_command           (abs)        0000
__size_of_transmit_data              (abs)        0000
__stringbase                         stringtext   0112
__stringtab                          stringtext   0100
_delay_1                             text6        08A3
_delay_2                             text11       0894
_dis                                 bssBANK1     00BC
_main                                maintext     061C
_nlcd_Font                           stringtext   0112
_output_character_array              text2        093F
_something                           text20       0C21
_ste2007_display_driver              text1        0E69
_temp_char                           stringtext   0612
_transmit_command                    text10       08F8
_transmit_data                       text4        08C3
_w1                                  dataBANK0    0067
btemp                                (abs)        007E
delay_1@i                            cstackCOMMON 0074
delay_2@i                            cstackCOMMON 0074
end_of_initialization                cinit        0042
init_fetch0                          inittext     08B2
init_ram0                            inittext     08B6
interrupt_function                   intentry     0004
intlevel0                            functab      0000
intlevel1                            functab      0000
intlevel2                            functab      0000
intlevel3                            functab      0000
intlevel4                            functab      0000
intlevel5                            functab      0000
main@delay                           cstackBANK1  00C3
output_character_array@array         cstackBANK0  002A
output_character_array@i             cstackBANK0  0028
reset_vec                            reset_vec    0000
saved_w                              (abs)        007E
stackhi                              (abs)        0000
stacklo                              (abs)        0000
start                                init         0012
start_initialization                 cinit        0015
ste2007_display_driver@Discharge_0   cstackBANK0  0053
ste2007_display_driver@Discharge_1   cstackBANK0  0055
ste2007_display_driver@Discharge_2   cstackBANK0  0057
ste2007_display_driver@F1039         dataBANK1    00A0
ste2007_display_driver@F1041         dataBANK1    00B2
ste2007_display_driver@d             cstackBANK0  002C
ste2007_display_driver@num           cstackBANK0  0059
ste2007_display_driver@num_109       cstackBANK0  005B
ste2007_display_driver@speed         cstackBANK0  0049
ste2007_display_driver@speed_word    cstackBANK0  0037
transmit_command@command             cstackBANK0  0020
transmit_command@i                   cstackBANK0  0021
transmit_data@data                   cstackCOMMON 0075
transmit_data@i                      cstackCOMMON 0076
wtemp0                               (abs)        007E


FUNCTION INFORMATION:

 *************** function _main *****************
 Defined at:
		line 45 in file "main.c"
 Parameters:    Size  Location     Type
		None
 Auto vars:     Size  Location     Type
  delay           4    0[BANK1 ] unsigned long 
 Return value:  Size  Location     Type
                  2  114[None  ] int 
 Registers used:
		wreg, fsr0l, fsr0h, status,2, status,0, btemp+1, pclath, cstack
 Tracked objects:
		On entry : 
		On exit  : 
		Unchanged: 
 Data sizes:     COMMON   BANK0   BANK1   BANK3   BANK2
      Params:         0       0       0       0       0
      Locals:         0       0       4       0       0
      Temps:          0       4       0       0       0
      Totals:         0       4       4       0       0
Total ram usage:        8 bytes
 Hardware stack levels required when called:    5
 This function calls:
		_T_computing
		___ftdiv
		___ftmul
		___fttol
		___lltoft
		_ste2007_display_driver
 This function is called by:
		Startup code after reset
 This function uses a non-reentrant model


 *************** function _ste2007_display_driver *****************
 Defined at:
		line 446 in file "Nokia_display_driver/STE2007_nokia_1202_display.c"
 Parameters:    Size  Location     Type
  d               7   12[BANK0 ] struct display_dc
 Auto vars:     Size  Location     Type
  num             2   57[BANK0 ] int 
  num             1   59[BANK0 ] unsigned char 
  speed          10   41[BANK0 ] unsigned char [10]
  Discharge_2     2   55[BANK0 ] int 
  Discharge_1     2   53[BANK0 ] int 
  Discharge_0     2   51[BANK0 ] int 
  speed_word     18   23[BANK0 ] unsigned char [18]
 Return value:  Size  Location     Type
                  1    wreg      void 
 Registers used:
		wreg, fsr0l, fsr0h, status,2, status,0, btemp+1, pclath, cstack
 Tracked objects:
		On entry : 
		On exit  : 
		Unchanged: 
 Data sizes:     COMMON   BANK0   BANK1   BANK3   BANK2
      Params:         0       7       0       0       0
      Locals:         0      37       0       0       0
      Temps:          0       4       0       0       0
      Totals:         0      48       0       0       0
Total ram usage:       48 bytes
 Hardware stack levels used:    1
 Hardware stack levels required when called:    4
 This function calls:
		_Page_and_Column_adress_set
		___awdiv
		___awmod
		_delay_1
		_output_character_array
		_transmit_command
		_transmit_data
 This function is called by:
		_main
 This function uses a non-reentrant model


 *************** function _output_character_array *****************
 Defined at:
		line 435 in file "Nokia_display_driver/STE2007_nokia_1202_display.c"
 Parameters:    Size  Location     Type
  array           1    wreg     PTR unsigned char 
		 -> ste2007_display_driver@speed(10), ste2007_display_driver@speed_word(18), 
 Auto vars:     Size  Location     Type
  array           1   10[BANK0 ] PTR unsigned char 
		 -> ste2007_display_driver@speed(10), ste2007_display_driver@speed_word(18), 
  i               2    8[BANK0 ] int 
 Return value:  Size  Location     Type
                  1    wreg      void 
 Registers used:
		wreg, fsr0l, fsr0h, status,2, status,0, btemp+1, pclath, cstack
 Tracked objects:
		On entry : 
		On exit  : 
		Unchanged: 
 Data sizes:     COMMON   BANK0   BANK1   BANK3   BANK2
      Params:         0       0       0       0       0
      Locals:         0       3       0       0       0
      Temps:          0       1       0       0       0
      Totals:         0       4       0       0       0
Total ram usage:        4 bytes
 Hardware stack levels used:    1
 Hardware stack levels required when called:    3
 This function calls:
		_Display_symbol
		_transmit_data
 This function is called by:
		_ste2007_display_driver
 This function uses a non-reentrant model


 *************** function _Display_symbol *****************
 Defined at:
		line 426 in file "Nokia_display_driver/STE2007_nokia_1202_display.c"
 Parameters:    Size  Location     Type
  char_0          1    wreg     unsigned char 
 Auto vars:     Size  Location     Type
  char_0          1    6[BANK0 ] unsigned char 
 Return value:  Size  Location     Type
                  1    wreg      void 
 Registers used:
		wreg, fsr0l, fsr0h, status,2, status,0, btemp+1, pclath, cstack
 Tracked objects:
		On entry : 
		On exit  : 
		Unchanged: 
 Data sizes:     COMMON   BANK0   BANK1   BANK3   BANK2
      Params:         0       0       0       0       0
      Locals:         0       1       0       0       0
      Temps:          0       4       0       0       0
      Totals:         0       5       0       0       0
Total ram usage:        5 bytes
 Hardware stack levels used:    1
 Hardware stack levels required when called:    2
 This function calls:
		___wmul
		_transmit_data
 This function is called by:
		_output_character_array
 This function uses a non-reentrant model


 *************** function _transmit_data *****************
 Defined at:
		line 389 in file "Nokia_display_driver/STE2007_nokia_1202_display.c"
 Parameters:    Size  Location     Type
  data            1    wreg     unsigned char 
 Auto vars:     Size  Location     Type
  data            1    5[COMMON] unsigned char 
  i               1    6[COMMON] unsigned char 
 Return value:  Size  Location     Type
                  1    wreg      void 
 Registers used:
		wreg, status,2, status,0
 Tracked objects:
		On entry : 
		On exit  : 
		Unchanged: 
 Data sizes:     COMMON   BANK0   BANK1   BANK3   BANK2
      Params:         0       0       0       0       0
      Locals:         2       0       0       0       0
      Temps:          1       0       0       0       0
      Totals:         3       0       0       0       0
Total ram usage:        3 bytes
 Hardware stack levels used:    1
 Hardware stack levels required when called:    1
 This function calls:
		Nothing
 This function is called by:
		_Display_symbol
		_output_character_array
		_ste2007_display_driver
 This function uses a non-reentrant model


 *************** function ___wmul *****************
 Defined at:
		line 15 in file "C:\Program Files (x86)\Microchip\xc8\v1.44\sources\common\Umul16.c"
 Parameters:    Size  Location     Type
  multiplier      2    4[COMMON] unsigned int 
  multiplicand    2    6[COMMON] unsigned int 
 Auto vars:     Size  Location     Type
  product         2    0[BANK0 ] unsigned int 
 Return value:  Size  Location     Type
                  2    4[COMMON] unsigned int 
 Registers used:
		wreg, status,2, status,0
 Tracked objects:
		On entry : 
		On exit  : 
		Unchanged: 
 Data sizes:     COMMON   BANK0   BANK1   BANK3   BANK2
      Params:         4       0       0       0       0
      Locals:         0       2       0       0       0
      Temps:          0       0       0       0       0
      Totals:         4       2       0       0       0
Total ram usage:        6 bytes
 Hardware stack levels used:    1
 Hardware stack levels required when called:    1
 This function calls:
		Nothing
 This function is called by:
		_Display_symbol
 This function uses a non-reentrant model


 *************** function _delay_1 *****************
 Defined at:
		line 353 in file "Nokia_display_driver/STE2007_nokia_1202_display.c"
 Parameters:    Size  Location     Type
		None
 Auto vars:     Size  Location     Type
  i               2    4[COMMON] int 
 Return value:  Size  Location     Type
                  1    wreg      void 
 Registers used:
		wreg, status,2, status,0
 Tracked objects:
		On entry : 
		On exit  : 
		Unchanged: 
 Data sizes:     COMMON   BANK0   BANK1   BANK3   BANK2
      Params:         0       0       0       0       0
      Locals:         2       0       0       0       0
      Temps:          0       0       0       0       0
      Totals:         2       0       0       0       0
Total ram usage:        2 bytes
 Hardware stack levels used:    1
 Hardware stack levels required when called:    1
 This function calls:
		Nothing
 This function is called by:
		_ste2007_display_driver
 This function uses a non-reentrant model


 *************** function ___awmod *****************
 Defined at:
		line 6 in file "C:\Program Files (x86)\Microchip\xc8\v1.44\sources\common\awmod.c"
 Parameters:    Size  Location     Type
  divisor         2    5[BANK0 ] int 
  dividend        2    7[BANK0 ] int 
 Auto vars:     Size  Location     Type
  sign            1   11[BANK0 ] unsigned char 
  counter         1   10[BANK0 ] unsigned char 
 Return value:  Size  Location     Type
                  2    5[BANK0 ] int 
 Registers used:
		wreg, status,2, status,0
 Tracked objects:
		On entry : 
		On exit  : 
		Unchanged: 
 Data sizes:     COMMON   BANK0   BANK1   BANK3   BANK2
      Params:         0       4       0       0       0
      Locals:         0       2       0       0       0
      Temps:          0       1       0       0       0
      Totals:         0       7       0       0       0
Total ram usage:        7 bytes
 Hardware stack levels used:    1
 Hardware stack levels required when called:    1
 This function calls:
		Nothing
 This function is called by:
		_ste2007_display_driver
 This function uses a non-reentrant model


 *************** function ___awdiv *****************
 Defined at:
		line 6 in file "C:\Program Files (x86)\Microchip\xc8\v1.44\sources\common\awdiv.c"
 Parameters:    Size  Location     Type
  divisor         2    4[COMMON] int 
  dividend        2    6[COMMON] int 
 Auto vars:     Size  Location     Type
  quotient        2    3[BANK0 ] int 
  sign            1    2[BANK0 ] unsigned char 
  counter         1    1[BANK0 ] unsigned char 
 Return value:  Size  Location     Type
                  2    4[COMMON] int 
 Registers used:
		wreg, status,2, status,0
 Tracked objects:
		On entry : 
		On exit  : 
		Unchanged: 
 Data sizes:     COMMON   BANK0   BANK1   BANK3   BANK2
      Params:         4       0       0       0       0
      Locals:         0       4       0       0       0
      Temps:          0       1       0       0       0
      Totals:         4       5       0       0       0
Total ram usage:        9 bytes
 Hardware stack levels used:    1
 Hardware stack levels required when called:    1
 This function calls:
		Nothing
 This function is called by:
		_ste2007_display_driver
 This function uses a non-reentrant model


 *************** function _Page_and_Column_adress_set *****************
 Defined at:
		line 410 in file "Nokia_display_driver/STE2007_nokia_1202_display.c"
 Parameters:    Size  Location     Type
  Page            1    wreg     unsigned char 
  Column          1    7[COMMON] unsigned char 
 Auto vars:     Size  Location     Type
  Page            1    4[BANK0 ] unsigned char 
  c1              1    6[BANK0 ] unsigned char 
  c0              1    5[BANK0 ] unsigned char 
 Return value:  Size  Location     Type
                  1    wreg      void 
 Registers used:
		wreg, status,2, status,0, pclath, cstack
 Tracked objects:
		On entry : 
		On exit  : 
		Unchanged: 
 Data sizes:     COMMON   BANK0   BANK1   BANK3   BANK2
      Params:         1       0       0       0       0
      Locals:         0       3       0       0       0
      Temps:          0       2       0       0       0
      Totals:         1       5       0       0       0
Total ram usage:        6 bytes
 Hardware stack levels used:    1
 Hardware stack levels required when called:    3
 This function calls:
		_transmit_command
 This function is called by:
		_ste2007_display_driver
 This function uses a non-reentrant model


 *************** function _transmit_command *****************
 Defined at:
		line 368 in file "Nokia_display_driver/STE2007_nokia_1202_display.c"
 Parameters:    Size  Location     Type
  command         1    wreg     unsigned char 
 Auto vars:     Size  Location     Type
  command         1    0[BANK0 ] unsigned char 
  i               1    1[BANK0 ] unsigned char 
 Return value:  Size  Location     Type
                  1    wreg      void 
 Registers used:
		wreg, status,2, status,0, pclath, cstack
 Tracked objects:
		On entry : 
		On exit  : 
		Unchanged: 
 Data sizes:     COMMON   BANK0   BANK1   BANK3   BANK2
      Params:         0       0       0       0       0
      Locals:         0       2       0       0       0
      Temps:          1       0       0       0       0
      Totals:         1       2       0       0       0
Total ram usage:        3 bytes
 Hardware stack levels used:    1
 Hardware stack levels required when called:    2
 This function calls:
		_delay_2
 This function is called by:
		_Page_and_Column_adress_set
		_ste2007_display_driver
 This function uses a non-reentrant model


 *************** function _delay_2 *****************
 Defined at:
		line 359 in file "Nokia_display_driver/STE2007_nokia_1202_display.c"
 Parameters:    Size  Location     Type
		None
 Auto vars:     Size  Location     Type
  i               2    4[COMMON] int 
 Return value:  Size  Location     Type
                  1    wreg      void 
 Registers used:
		wreg, status,2, status,0
 Tracked objects:
		On entry : 
		On exit  : 
		Unchanged: 
 Data sizes:     COMMON   BANK0   BANK1   BANK3   BANK2
      Params:         0       0       0       0       0
      Locals:         2       0       0       0       0
      Temps:          0       0       0       0       0
      Totals:         2       0       0       0       0
Total ram usage:        2 bytes
 Hardware stack levels used:    1
 Hardware stack levels required when called:    1
 This function calls:
		Nothing
 This function is called by:
		_transmit_command
 This function uses a non-reentrant model


 *************** function ___lltoft *****************
 Defined at:
		line 35 in file "C:\Program Files (x86)\Microchip\xc8\v1.44\sources\common\lltoft.c"
 Parameters:    Size  Location     Type
  c               4    5[BANK0 ] unsigned long 
 Auto vars:     Size  Location     Type
  exp             1    9[BANK0 ] unsigned char 
 Return value:  Size  Location     Type
                  3    5[BANK0 ] float 
 Registers used:
		wreg, status,2, status,0, pclath, cstack
 Tracked objects:
		On entry : 
		On exit  : 
		Unchanged: 
 Data sizes:     COMMON   BANK0   BANK1   BANK3   BANK2
      Params:         0       4       0       0       0
      Locals:         0       1       0       0       0
      Temps:          1       0       0       0       0
      Totals:         1       5       0       0       0
Total ram usage:        6 bytes
 Hardware stack levels used:    1
 Hardware stack levels required when called:    2
 This function calls:
		___ftpack
 This function is called by:
		_main
 This function uses a non-reentrant model


 *************** function ___fttol *****************
 Defined at:
		line 44 in file "C:\Program Files (x86)\Microchip\xc8\v1.44\sources\common\fttol.c"
 Parameters:    Size  Location     Type
  f1              3    4[COMMON] float 
 Auto vars:     Size  Location     Type
  lval            4    5[BANK0 ] unsigned long 
  exp1            1    9[BANK0 ] unsigned char 
  sign1           1    4[BANK0 ] unsigned char 
 Return value:  Size  Location     Type
                  4    4[COMMON] long 
 Registers used:
		wreg, status,2, status,0
 Tracked objects:
		On entry : 
		On exit  : 
		Unchanged: 
 Data sizes:     COMMON   BANK0   BANK1   BANK3   BANK2
      Params:         4       0       0       0       0
      Locals:         0       6       0       0       0
      Temps:          0       4       0       0       0
      Totals:         4      10       0       0       0
Total ram usage:       14 bytes
 Hardware stack levels used:    1
 Hardware stack levels required when called:    1
 This function calls:
		Nothing
 This function is called by:
		_main
 This function uses a non-reentrant model


 *************** function ___ftmul *****************
 Defined at:
		line 62 in file "C:\Program Files (x86)\Microchip\xc8\v1.44\sources\common\ftmul.c"
 Parameters:    Size  Location     Type
  f1              3   26[BANK0 ] float 
  f2              3   29[BANK0 ] float 
 Auto vars:     Size  Location     Type
  f3_as_produc    3   37[BANK0 ] unsigned um
  sign            1   41[BANK0 ] unsigned char 
  cntr            1   40[BANK0 ] unsigned char 
  exp             1   36[BANK0 ] unsigned char 
 Return value:  Size  Location     Type
                  3   26[BANK0 ] float 
 Registers used:
		wreg, status,2, status,0, pclath, cstack
 Tracked objects:
		On entry : 
		On exit  : 
		Unchanged: 
 Data sizes:     COMMON   BANK0   BANK1   BANK3   BANK2
      Params:         0       6       0       0       0
      Locals:         0       6       0       0       0
      Temps:          0       4       0       0       0
      Totals:         0      16       0       0       0
Total ram usage:       16 bytes
 Hardware stack levels used:    1
 Hardware stack levels required when called:    2
 This function calls:
		___ftpack
 This function is called by:
		_main
 This function uses a non-reentrant model


 *************** function ___ftdiv *****************
 Defined at:
		line 56 in file "C:\Program Files (x86)\Microchip\xc8\v1.44\sources\common\ftdiv.c"
 Parameters:    Size  Location     Type
  f2              3   10[BANK0 ] float 
  f1              3   13[BANK0 ] float 
 Auto vars:     Size  Location     Type
  f3              3   21[BANK0 ] float 
  sign            1   25[BANK0 ] unsigned char 
  exp             1   24[BANK0 ] unsigned char 
  cntr            1   20[BANK0 ] unsigned char 
 Return value:  Size  Location     Type
                  3   10[BANK0 ] float 
 Registers used:
		wreg, status,2, status,0, pclath, cstack
 Tracked objects:
		On entry : 
		On exit  : 
		Unchanged: 
 Data sizes:     COMMON   BANK0   BANK1   BANK3   BANK2
      Params:         0       6       0       0       0
      Locals:         0       6       0       0       0
      Temps:          0       4       0       0       0
      Totals:         0      16       0       0       0
Total ram usage:       16 bytes
 Hardware stack levels used:    1
 Hardware stack levels required when called:    2
 This function calls:
		___ftpack
 This function is called by:
		_main
 This function uses a non-reentrant model


 *************** function ___ftpack *****************
 Defined at:
		line 62 in file "C:\Program Files (x86)\Microchip\xc8\v1.44\sources\common\float.c"
 Parameters:    Size  Location     Type
  arg             3    0[BANK0 ] unsigned um
  exp             1    3[BANK0 ] unsigned char 
  sign            1    4[BANK0 ] unsigned char 
 Auto vars:     Size  Location     Type
		None
 Return value:  Size  Location     Type
                  3    0[BANK0 ] float 
 Registers used:
		wreg, status,2, status,0
 Tracked objects:
		On entry : 
		On exit  : 
		Unchanged: 
 Data sizes:     COMMON   BANK0   BANK1   BANK3   BANK2
      Params:         0       5       0       0       0
      Locals:         0       0       0       0       0
      Temps:          3       0       0       0       0
      Totals:         3       5       0       0       0
Total ram usage:        8 bytes
 Hardware stack levels used:    1
 Hardware stack levels required when called:    1
 This function calls:
		Nothing
 This function is called by:
		___ftdiv
		___ftmul
		___lltoft
 This function uses a non-reentrant model


 *************** function _T_computing *****************
 Defined at:
		line 226 in file "main.c"
 Parameters:    Size  Location     Type
  w0              1    wreg     PTR struct wheel
		 -> w1(7), 
 Auto vars:     Size  Location     Type
  w0              1   26[BANK0 ] PTR struct wheel
		 -> w1(7), 
  T               4   22[BANK0 ] unsigned long 
 Return value:  Size  Location     Type
                  4   12[BANK0 ] unsigned long 
 Registers used:
		wreg, fsr0l, fsr0h, status,2, status,0, pclath, cstack
 Tracked objects:
		On entry : 
		On exit  : 
		Unchanged: 
 Data sizes:     COMMON   BANK0   BANK1   BANK3   BANK2
      Params:         0       4       0       0       0
      Locals:         0       5       0       0       0
      Temps:          0       6       0       0       0
      Totals:         0      15       0       0       0
Total ram usage:       15 bytes
 Hardware stack levels used:    1
 Hardware stack levels required when called:    2
 This function calls:
		___lmul
		___lwdiv
 This function is called by:
		_main
 This function uses a non-reentrant model


 *************** function ___lwdiv *****************
 Defined at:
		line 6 in file "C:\Program Files (x86)\Microchip\xc8\v1.44\sources\common\lwdiv.c"
 Parameters:    Size  Location     Type
  divisor         2    4[COMMON] unsigned int 
  dividend        2    6[COMMON] unsigned int 
 Auto vars:     Size  Location     Type
  quotient        2    2[BANK0 ] unsigned int 
  counter         1    1[BANK0 ] unsigned char 
 Return value:  Size  Location     Type
                  2    4[COMMON] unsigned int 
 Registers used:
		wreg, status,2, status,0
 Tracked objects:
		On entry : 
		On exit  : 
		Unchanged: 
 Data sizes:     COMMON   BANK0   BANK1   BANK3   BANK2
      Params:         4       0       0       0       0
      Locals:         0       3       0       0       0
      Temps:          0       1       0       0       0
      Totals:         4       4       0       0       0
Total ram usage:        8 bytes
 Hardware stack levels used:    1
 Hardware stack levels required when called:    1
 This function calls:
		Nothing
 This function is called by:
		_T_computing
 This function uses a non-reentrant model


 *************** function ___lmul *****************
 Defined at:
		line 15 in file "C:\Program Files (x86)\Microchip\xc8\v1.44\sources\common\Umul32.c"
 Parameters:    Size  Location     Type
  multiplier      4    0[BANK0 ] unsigned long 
  multiplicand    4    4[BANK0 ] unsigned long 
 Auto vars:     Size  Location     Type
  product         4    8[BANK0 ] unsigned long 
 Return value:  Size  Location     Type
                  4    0[BANK0 ] unsigned long 
 Registers used:
		wreg, status,2, status,0
 Tracked objects:
		On entry : 
		On exit  : 
		Unchanged: 
 Data sizes:     COMMON   BANK0   BANK1   BANK3   BANK2
      Params:         0       8       0       0       0
      Locals:         0       4       0       0       0
      Temps:          1       0       0       0       0
      Totals:         1      12       0       0       0
Total ram usage:       13 bytes
 Hardware stack levels used:    1
 Hardware stack levels required when called:    1
 This function calls:
		Nothing
 This function is called by:
		_T_computing
 This function uses a non-reentrant model


 *************** function _something *****************
 Defined at:
		line 152 in file "main.c"
 Parameters:    Size  Location     Type
		None
 Auto vars:     Size  Location     Type
		None
 Return value:  Size  Location     Type
                  1    wreg      void 
 Registers used:
		wreg, status,2, status,0
 Tracked objects:
		On entry : 
		On exit  : 
		Unchanged: 
 Data sizes:     COMMON   BANK0   BANK1   BANK3   BANK2
      Params:         0       0       0       0       0
      Locals:         0       0       0       0       0
      Temps:          4       0       0       0       0
      Totals:         4       0       0       0       0
Total ram usage:        4 bytes
 Hardware stack levels used:    1
 This function calls:
		Nothing
 This function is called by:
		Interrupt level 1
 This function uses a non-reentrant model



MODULE INFORMATION

Module		Function		Class		Link	Load	Size
C:\Program Files (x86)\Microchip\xc8\v1.44\sources\common\lltoft.c
		___lltoft      		CODE           	0969	0000	48

C:\Program Files (x86)\Microchip\xc8\v1.44\sources\common\lltoft.c estimated size: 48

C:\Program Files (x86)\Microchip\xc8\v1.44\sources\common\ftmul.c
		___ftmul       		CODE           	0CB8	0000	212

C:\Program Files (x86)\Microchip\xc8\v1.44\sources\common\ftmul.c estimated size: 212

C:\Program Files (x86)\Microchip\xc8\v1.44\sources\common\awmod.c
		___awmod       		CODE           	0A17	0000	78

C:\Program Files (x86)\Microchip\xc8\v1.44\sources\common\awmod.c estimated size: 78

Nokia_display_driver/STE2007_nokia_1202_display.c
		_transmit_command		CODE           	08F8	0000	33
		_transmit_data 		CODE           	08C3	0000	26
		_output_character_array		CODE           	093F	0000	43
		_Page_and_Column_adress_set		CODE           	07CD	0000	50
		_Display_symbol		CODE           	0D8B	0000	223
		_delay_2       		CODE           	0894	0000	16
		_delay_1       		CODE           	08A3	0000	16
		_ste2007_display_driver		CODE           	0E69	0000	408

Nokia_display_driver/STE2007_nokia_1202_display.c estimated size: 815

C:\Program Files (x86)\Microchip\xc8\v1.44\sources\common\ftdiv.c
		___ftdiv       		CODE           	0046	0000	185

C:\Program Files (x86)\Microchip\xc8\v1.44\sources\common\ftdiv.c estimated size: 185

C:\Program Files (x86)\Microchip\xc8\v1.44\sources\common\lwdiv.c
		___lwdiv       		CODE           	0998	0000	63

C:\Program Files (x86)\Microchip\xc8\v1.44\sources\common\lwdiv.c estimated size: 63

C:\Program Files (x86)\Microchip\xc8\v1.44\sources\common\Umul16.c
		___wmul        		CODE           	0918	0000	40

C:\Program Files (x86)\Microchip\xc8\v1.44\sources\common\Umul16.c estimated size: 40

C:\Program Files (x86)\Microchip\xc8\v1.44\sources\common\fttol.c
		___fttol       		CODE           	0B93	0000	143

C:\Program Files (x86)\Microchip\xc8\v1.44\sources\common\fttol.c estimated size: 143

shared
		__stringtab    		STRCODE        	0100	0000	19
		_nlcd_Font     		STRCODE        	0112	0000	1281
		__initialization		CODE           	0015	0000	46
		_temp_char     		STRCODE        	0612	0000	11

shared estimated size: 1357

C:\Program Files (x86)\Microchip\xc8\v1.44\sources\common\awdiv.c
		___awdiv       		CODE           	0A64	0000	92

C:\Program Files (x86)\Microchip\xc8\v1.44\sources\common\awdiv.c estimated size: 92

C:\Program Files (x86)\Microchip\xc8\v1.44\sources\common\Umul32.c
		___lmul        		CODE           	09D6	0000	66

C:\Program Files (x86)\Microchip\xc8\v1.44\sources\common\Umul32.c estimated size: 66

main.c
		_something     		CODE           	0C21	0000	152
		_main          		CODE           	061C	0000	434
		_T_computing   		CODE           	0ABF	0000	103

main.c estimated size: 689

C:\Program Files (x86)\Microchip\xc8\v1.44\sources\common\float.c
		___ftpack      		CODE           	0B25	0000	111

C:\Program Files (x86)\Microchip\xc8\v1.44\sources\common\float.c estimated size: 111

