Microchip MPLAB XC8 Compiler V1.44 ()

Linker command line:

-W-3 --edf=C:\Program Files (x86)\Microchip\xc8\v1.44\dat\en_msgs.txt -cs \
  -h+dist/default/debug\PIC_Capture.X.debug.sym \
  --cmf=dist/default/debug\PIC_Capture.X.debug.cmf -z -Q16F876A \
  -oC:\Users\Pz\AppData\Local\Temp\s4ko.2 \
  -Mdist/default/debug/PIC_Capture.X.debug.map -E1 -ver=XC8 \
  -ASTACK=0110h-016fh -pstack=STACK -ACODE=00h-07FFhx3,01800h-01EFFh \
  -ASTRCODE=00h-01EFFh -ASTRING=00h-0FFhx31 -ACONST=00h-0FFhx31 \
  -AENTRY=00h-0FFhx31 -ACOMMON=071h-07Fh -ABANK0=020h-06Fh \
  -ABANK1=0A0h-0EFh -ABANK2=0110h-016Fh -ABANK3=0190h-01E4h \
  -ARAM=020h-06Fh,0A0h-0EFh,0110h-016Fh,0190h-01E4h \
  -AABS1=020h-07Fh,0A0h-0EFh,0110h-016Fh,0190h-01EFh -ASFR0=00h-01Fh \
  -ASFR1=080h-09Fh -ASFR2=0100h-010Fh -ASFR3=0180h-018Fh \
  -preset_vec=00h,intentry=04h,init,end_init -ppowerup=CODE -pcinit=CODE \
  -pfunctab=ENTRY -ACONFIG=02007h-02007h -pconfig=CONFIG -DCONFIG=2 \
  -AIDLOC=02000h-02003h -pidloc=IDLOC -DIDLOC=2 -AEEDATA=00h-0FFh/02100h \
  -peeprom_data=EEDATA -DEEDATA=2 -DCODE=2 -DSTRCODE=2 -DSTRING=2 -DCONST=2 \
  -DENTRY=2 -k C:\Users\Pz\AppData\Local\Temp\s4ko.obj \
  dist/default/debug\PIC_Capture.X.debug.obj 

Object code version is 3.11

Machine type is 16F876A



                Name                               Link     Load   Length Selector   Space Scale
C:\Users\Pz\AppData\Local\Temp\s4ko.obj
                end_init                             12       12        3        8       0
                reset_vec                             0        0        4        0       0
                config                             2007     2007        1     400E       0
dist/default/debug\PIC_Capture.X.debug.obj
                cinit                               7C9      7C9       37      F92       0
                intentry                              4        4        E        8       0
                text20                              18F      18F       8F      31E       0
                text19                              F17      F17       41     1E2E       0
                text18                              ED9      ED9       3E     1DB2       0
                text17                               2D       2D       66       5A       0
                text16                               93       93       6E      126       0
                text15                              21E      21E       B8      43C       0
                text14                              2D6      2D6       D3      5AC       0
                text13                              101      101       8E      202       0
                text12                              E77      E77       31     1CEE       0
                text11                              DB7      DB7        F     1B6E       0
                text10                              E0A      E0A       20     1C14       0
                text9                               EA8      EA8       31     1D50       0
                text8                               FA5      FA5       5B     1F4A       0
                text7                               F58      F58       4D     1EB0       0
                text6                               DC6      DC6        F     1B8C       0
                text5                               E2A      E2A       23     1C54       0
                text4                               DD5      DD5       19     1BAA       0
                text3                               3A9      3A9       DE      752       0
                text2                               E4D      E4D       2A     1C9A       0
                text1                               487      487      199      90E       0
                maintext                            620      620      1A9      C40       0
                cstackBANK0                          20       20       46       20       1
                cstackCOMMON                         71       71        6       71       1
                inittext                             1C       1C       11       38       0
                dataBANK1                            A0       A0       1C       A0       1
                bssBANK1                             BC       BC        B       A0       1
                dataBANK0                            66       66        7       20       1
                bssBANK0                             6D       6D        3       20       1
                dataCOMMON                           79       79        1       71       1
                bssCOMMON                            77       77        2       71       1
                stringtext                          800      800      51C       10       0
                idataBANK1                          DEE      DEE       1C     1BDC       0
                idataBANK0                           15       15        7        8       0
                idataCOMMON                         DB6      DB6        1     1B6C       0

TOTAL           Name                               Link     Load   Length     Space
        CLASS   STACK          

        CLASS   CODE           
                end_init                             12       12        3         0
                cinit                               7C9      7C9       37         0
                intentry                              4        4        E         0
                reset_vec                             0        0        4         0
                text20                              18F      18F       8F         0
                text19                              F17      F17       41         0
                text18                              ED9      ED9       3E         0
                text17                               2D       2D       66         0
                text16                               93       93       6E         0
                text15                              21E      21E       B8         0
                text14                              2D6      2D6       D3         0
                text13                              101      101       8E         0
                text12                              E77      E77       31         0
                text11                              DB7      DB7        F         0
                text10                              E0A      E0A       20         0
                text9                               EA8      EA8       31         0
                text8                               FA5      FA5       5B         0
                text7                               F58      F58       4D         0
                text6                               DC6      DC6        F         0
                text5                               E2A      E2A       23         0
                text4                               DD5      DD5       19         0
                text3                               3A9      3A9       DE         0
                text2                               E4D      E4D       2A         0
                text1                               487      487      199         0
                maintext                            620      620      1A9         0
                inittext                             1C       1C       11         0
                idataBANK1                          DEE      DEE       1C         0
                idataBANK0                           15       15        7         0
                idataCOMMON                         DB6      DB6        1         0

        CLASS   STRCODE        
                stringtext                          800      800      51C         0

        CLASS   STRING         

        CLASS   CONST          

        CLASS   ENTRY          

        CLASS   COMMON         
                cstackCOMMON                         71       71        6         1
                dataCOMMON                           79       79        1         1
                bssCOMMON                            77       77        2         1

        CLASS   BANK0          
                cstackBANK0                          20       20       46         1
                dataBANK0                            66       66        7         1
                bssBANK0                             6D       6D        3         1

        CLASS   BANK1          
                dataBANK1                            A0       A0       1C         1
                bssBANK1                             BC       BC        B         1

        CLASS   BANK2          

        CLASS   BANK3          

        CLASS   RAM            

        CLASS   ABS1           
                abs_s1                               7E       7E        2         1

        CLASS   SFR0           

        CLASS   SFR1           

        CLASS   SFR2           

        CLASS   SFR3           

        CLASS   CONFIG         
                config                             2007     2007        1         0

        CLASS   IDLOC          

        CLASS   EEDATA         



SEGMENTS        Name                           Load    Length   Top    Selector   Space  Class     Delta

                reset_vec                      000000  000004  000004         0       0  CODE        2
                intentry                       000004  000018  00001C         8       0  CODE        2
                cstackBANK0                    000020  000050  000070        20       1  BANK0       1
                inittext                       00001C  000011  00002D        38       0  CODE        2
                text17                         00002D  000066  000093        5A       0  CODE        2
                cstackCOMMON                   000071  000009  00007A        71       1  COMMON      1
                dataBANK1                      0000A0  000027  0000C7        A0       1  BANK1       1
                text16                         000093  00006E  000101       126       0  CODE        2
                text13                         000101  00008E  00018F       202       0  CODE        2
                text20                         00018F  00008F  00021E       31E       0  CODE        2
                text15                         00021E  0000B8  0002D6       43C       0  CODE        2
                text14                         0002D6  0000D3  0003A9       5AC       0  CODE        2
                text3                          0003A9  0000DE  000487       752       0  CODE        2
                text1                          000487  000199  000620       90E       0  CODE        2
                maintext                       000620  0001A9  0007C9       C40       0  CODE        2
                cinit                          0007C9  000037  000800       F92       0  CODE        2
                stringtext                     000800  00051C  000D1C        10       0  STRCODE     2
                idataCOMMON                    000DB6  000001  000DB7      1B6C       0  CODE        2
                text11                         000DB7  00000F  000DC6      1B6E       0  CODE        2
                text6                          000DC6  00000F  000DD5      1B8C       0  CODE        2
                text4                          000DD5  000019  000DEE      1BAA       0  CODE        2
                idataBANK1                     000DEE  00001C  000E0A      1BDC       0  CODE        2
                text10                         000E0A  000020  000E2A      1C14       0  CODE        2
                text5                          000E2A  000023  000E4D      1C54       0  CODE        2
                text2                          000E4D  00002A  000E77      1C9A       0  CODE        2
                text12                         000E77  000031  000EA8      1CEE       0  CODE        2
                text9                          000EA8  000031  000ED9      1D50       0  CODE        2
                text18                         000ED9  00003E  000F17      1DB2       0  CODE        2
                text19                         000F17  000041  000F58      1E2E       0  CODE        2
                text7                          000F58  00004D  000FA5      1EB0       0  CODE        2
                text8                          000FA5  00005B  001000      1F4A       0  CODE        2
                config                         002007  000001  002008      400E       0  CONFIG      2


UNUSED ADDRESS RANGES

        Name                Unused          Largest block    Delta
        BANK1            00C7-00EF             29           1
        BANK2            0110-016F             60           1
        BANK3            0190-01E4             55           1
        CODE             0D1C-0DB5             9A           2
                         1000-1EFF            800
        COMMON           007A-007D              4           1
        CONST            0D1C-0DB5             9A           2
                         1000-1EFF            100
        EEDATA           2100-21FF            100           2
        ENTRY            0D1C-0DB5             9A           2
                         1000-1EFF            100
        IDLOC            2000-2003              4           2
        RAM              00C7-00EF             29           1
                         0110-016F             60
                         0190-01E4             55
        SFR0             0000-001F             20           1
        SFR1             0080-009F             20           1
        SFR2             0100-010F             10           1
        SFR3             0180-018F             10           1
        STACK            0110-016F             60           1
        STRCODE          0D1C-0DB5             9A           2
                         1000-1EFF            F00
        STRING           0D1C-0DB5             9A           2
                         1000-1EFF            100

                                  Symbol Table

?_T_computing                        cstackBANK0  002C
?___awdiv                            cstackBANK0  0020
?___awmod                            cstackBANK0  0028
?___ftdiv                            cstackBANK0  002C
?___ftmul                            cstackBANK0  003C
?___ftpack                           cstackBANK0  0020
?___fttol                            cstackBANK0  0020
?___lltoft                           cstackBANK0  0028
?___lmul                             cstackBANK0  0020
?___lwdiv                            cstackBANK0  0020
?___wmul                             cstackBANK0  0020
Display_symbol@char_0                cstackBANK0  0028
Page_and_Column_adress_set@Column    cstackBANK0  0023
Page_and_Column_adress_set@Page      cstackBANK0  0026
Page_and_Column_adress_set@c0        cstackBANK0  0027
Page_and_Column_adress_set@c1        cstackBANK0  0028
T_computing@T                        cstackBANK0  0036
T_computing@w0                       cstackBANK0  003A
_CCP1CON                             (abs)        0017
_CCPR1                               (abs)        0015
_Display_symbol                      text3        03A9
_INTCONbits                          (abs)        000B
_OPTION_REGbits                      (abs)        0081
_PIE1bits                            (abs)        008C
_PIR1bits                            (abs)        000C
_PORTB                               (abs)        0006
_PORTBbits                           (abs)        0006
_PORTCbits                           (abs)        0007
_Page_and_Column_adress_set          text9        0EA8
_T1CONbits                           (abs)        0010
_TMR0                                (abs)        0001
_TMR1                                (abs)        000E
_TMR1_overflow_counter               bssCOMMON    0077
_TRISAbits                           (abs)        0085
_TRISB                               (abs)        0086
_TRISCbits                           (abs)        0087
_TTTT                                bssBANK1     00C3
_T_computing                         text17       002D
_V                                   bssBANK0     006D
__CFG_BOREN$OFF                      (abs)        0000
__CFG_CP$OFF                         (abs)        0000
__CFG_CPD$OFF                        (abs)        0000
__CFG_FOSC$HS                        (abs)        0000
__CFG_LVP$OFF                        (abs)        0000
__CFG_PWRTE$OFF                      (abs)        0000
__CFG_WDTE$OFF                       (abs)        0000
__CFG_WRT$OFF                        (abs)        0000
__Habs1                              abs1         0000
__Hbank0                             bank0        0000
__Hbank1                             bank1        0000
__Hbank2                             bank2        0000
__Hbank3                             bank3        0000
__HbssBANK0                          bssBANK0     0000
__HbssBANK1                          bssBANK1     0000
__HbssCOMMON                         bssCOMMON    0000
__Hcinit                             cinit        0800
__Hclrtext                           clrtext      0000
__Hcode                              code         0000
__Hcommon                            common       0000
__Hconfig                            config       2008
__HcstackBANK0                       cstackBANK0  0000
__HcstackCOMMON                      cstackCOMMON 0000
__HdataBANK0                         dataBANK0    0000
__HdataBANK1                         dataBANK1    0000
__HdataCOMMON                        dataCOMMON   0000
__Heeprom_data                       eeprom_data  0000
__Hend_init                          end_init     0015
__Hfunctab                           functab      0000
__HidataBANK0                        idataBANK0   0000
__HidataBANK1                        idataBANK1   0000
__HidataCOMMON                       idataCOMMON  0000
__Hidloc                             idloc        0000
__Hinit                              init         0012
__Hinittext                          inittext     0000
__Hintentry                          intentry     0012
__Hmaintext                          maintext     0000
__Hpowerup                           powerup      0000
__Hram                               ram          0000
__Hreset_vec                         reset_vec    0004
__Hsfr0                              sfr0         0000
__Hsfr1                              sfr1         0000
__Hsfr2                              sfr2         0000
__Hsfr3                              sfr3         0000
__Hspace_0                           (abs)        2008
__Hspace_1                           (abs)        00C7
__Hspace_2                           (abs)        0000
__Hspace_3                           (abs)        0000
__Hstack                             stack        0000
__Hstrings                           strings      0000
__Hstringtext                        stringtext   0000
__Htext                              text         0000
__Labs1                              abs1         0000
__Lbank0                             bank0        0000
__Lbank1                             bank1        0000
__Lbank2                             bank2        0000
__Lbank3                             bank3        0000
__LbssBANK0                          bssBANK0     0000
__LbssBANK1                          bssBANK1     0000
__LbssCOMMON                         bssCOMMON    0000
__Lcinit                             cinit        07C9
__Lclrtext                           clrtext      0000
__Lcode                              code         0000
__Lcommon                            common       0000
__Lconfig                            config       2007
__LcstackBANK0                       cstackBANK0  0000
__LcstackCOMMON                      cstackCOMMON 0000
__LdataBANK0                         dataBANK0    0000
__LdataBANK1                         dataBANK1    0000
__LdataCOMMON                        dataCOMMON   0000
__Leeprom_data                       eeprom_data  0000
__Lend_init                          end_init     0012
__Lfunctab                           functab      0000
__LidataBANK0                        idataBANK0   0000
__LidataBANK1                        idataBANK1   0000
__LidataCOMMON                       idataCOMMON  0000
__Lidloc                             idloc        0000
__Linit                              init         0012
__Linittext                          inittext     0000
__Lintentry                          intentry     0004
__Lmaintext                          maintext     0000
__Lpowerup                           powerup      0000
__Lram                               ram          0000
__Lreset_vec                         reset_vec    0000
__Lsfr0                              sfr0         0000
__Lsfr1                              sfr1         0000
__Lsfr2                              sfr2         0000
__Lsfr3                              sfr3         0000
__Lspace_0                           (abs)        0000
__Lspace_1                           (abs)        0000
__Lspace_2                           (abs)        0000
__Lspace_3                           (abs)        0000
__Lstack                             stack        0000
__Lstrings                           strings      0000
__Lstringtext                        stringtext   0000
__Ltext                              text         0000
__S0                                 (abs)        2008
__S1                                 (abs)        00C7
__S2                                 (abs)        0000
__S3                                 (abs)        0000
___awdiv                             text8        0FA5
___awdiv@counter                     cstackBANK0  0024
___awdiv@dividend                    cstackBANK0  0022
___awdiv@divisor                     cstackBANK0  0020
___awdiv@quotient                    cstackBANK0  0026
___awdiv@sign                        cstackBANK0  0025
___awmod                             text7        0F58
___awmod@counter                     cstackBANK0  002C
___awmod@dividend                    cstackBANK0  002A
___awmod@divisor                     cstackBANK0  0028
___awmod@sign                        cstackBANK0  002D
___ftdiv                             text15       021E
___ftdiv@cntr                        cstackBANK0  0036
___ftdiv@exp                         cstackBANK0  003A
___ftdiv@f1                          cstackBANK0  002F
___ftdiv@f2                          cstackBANK0  002C
___ftdiv@f3                          cstackBANK0  0037
___ftdiv@sign                        cstackBANK0  003B
___ftmul                             text14       02D6
___ftmul@cntr                        cstackBANK0  004A
___ftmul@exp                         cstackBANK0  0046
___ftmul@f1                          cstackBANK0  003C
___ftmul@f2                          cstackBANK0  003F
___ftmul@f3_as_product               cstackBANK0  0047
___ftmul@sign                        cstackBANK0  004B
___ftpack                            text16       0093
___ftpack@arg                        cstackBANK0  0020
___ftpack@exp                        cstackBANK0  0023
___ftpack@sign                       cstackBANK0  0024
___fttol                             text13       0101
___fttol@exp1                        cstackBANK0  002D
___fttol@f1                          cstackBANK0  0020
___fttol@lval                        cstackBANK0  0029
___fttol@sign1                       cstackBANK0  0028
___int_sp                            stack        0000
___latbits                           (abs)        0002
___lltoft                            text12       0E77
___lltoft@c                          cstackBANK0  0028
___lltoft@exp                        cstackCOMMON 0076
___lmul                              text19       0F17
___lmul@multiplicand                 cstackBANK0  0024
___lmul@multiplier                   cstackBANK0  0020
___lmul@product                      cstackBANK0  0028
___lwdiv                             text18       0ED9
___lwdiv@counter                     cstackBANK0  0024
___lwdiv@dividend                    cstackBANK0  0022
___lwdiv@divisor                     cstackBANK0  0020
___lwdiv@quotient                    cstackBANK0  0025
___sp                                stack        0000
___wmul                              text5        0E2A
___wmul@multiplicand                 cstackBANK0  0022
___wmul@multiplier                   cstackBANK0  0020
___wmul@product                      cstackCOMMON 0075
__end_of_Display_symbol              text3        0487
__end_of_Page_and_Column_adress_set  text9        0ED9
__end_of_T_computing                 text17       0093
__end_of___awdiv                     text8        1000
__end_of___awmod                     text7        0FA5
__end_of___ftdiv                     text15       02D6
__end_of___ftmul                     text14       03A9
__end_of___ftpack                    text16       0101
__end_of___fttol                     text13       018F
__end_of___lltoft                    text12       0EA8
__end_of___lmul                      text19       0F58
__end_of___lwdiv                     text18       0F17
__end_of___wmul                      text5        0E4D
__end_of__initialization             cinit        07FC
__end_of__stringtab                  stringtext   0812
__end_of_delay_1                     text6        0DD5
__end_of_delay_2                     text11       0DC6
__end_of_main                        maintext     07C9
__end_of_nlcd_Font                   stringtext   0D12
__end_of_output_character_array      text2        0E77
__end_of_something                   text20       021E
__end_of_ste2007_display_driver      text1        0620
__end_of_temp_char                   stringtext   0D1C
__end_of_transmit_command            text10       0E2A
__end_of_transmit_data               text4        0DEE
__initialization                     cinit        07C9
__pbssBANK0                          bssBANK0     006D
__pbssBANK1                          bssBANK1     00BC
__pbssCOMMON                         bssCOMMON    0077
__pcstackBANK0                       cstackBANK0  0020
__pcstackCOMMON                      cstackCOMMON 0071
__pdataBANK0                         dataBANK0    0066
__pdataBANK1                         dataBANK1    00A0
__pdataCOMMON                        dataCOMMON   0079
__pidataBANK0                        idataBANK0   0015
__pidataBANK1                        idataBANK1   0DEE
__pidataCOMMON                       idataCOMMON  0DB6
__pintentry                          intentry     0004
__pmaintext                          maintext     0620
__pstringtext                        stringtext   0800
__ptext1                             text1        0487
__ptext10                            text10       0E0A
__ptext11                            text11       0DB7
__ptext12                            text12       0E77
__ptext13                            text13       0101
__ptext14                            text14       02D6
__ptext15                            text15       021E
__ptext16                            text16       0093
__ptext17                            text17       002D
__ptext18                            text18       0ED9
__ptext19                            text19       0F17
__ptext2                             text2        0E4D
__ptext20                            text20       018F
__ptext3                             text3        03A9
__ptext4                             text4        0DD5
__ptext5                             text5        0E2A
__ptext6                             text6        0DC6
__ptext7                             text7        0F58
__ptext8                             text8        0FA5
__ptext9                             text9        0EA8
__size_of_Display_symbol             (abs)        0000
__size_of_Page_and_Column_adress_set (abs)        0000
__size_of_T_computing                (abs)        0000
__size_of___awdiv                    (abs)        0000
__size_of___awmod                    (abs)        0000
__size_of___ftdiv                    (abs)        0000
__size_of___ftmul                    (abs)        0000
__size_of___ftpack                   (abs)        0000
__size_of___fttol                    (abs)        0000
__size_of___lltoft                   (abs)        0000
__size_of___lmul                     (abs)        0000
__size_of___lwdiv                    (abs)        0000
__size_of___wmul                     (abs)        0000
__size_of_delay_1                    (abs)        0000
__size_of_delay_2                    (abs)        0000
__size_of_main                       (abs)        0000
__size_of_output_character_array     (abs)        0000
__size_of_something                  (abs)        0000
__size_of_ste2007_display_driver     (abs)        0000
__size_of_transmit_command           (abs)        0000
__size_of_transmit_data              (abs)        0000
__stringbase                         stringtext   0812
__stringtab                          stringtext   0800
_delay_1                             text6        0DC6
_delay_2                             text11       0DB7
_dis                                 bssBANK1     00BC
_main                                maintext     0620
_nlcd_Font                           stringtext   0812
_output_character_array              text2        0E4D
_something                           text20       018F
_ste2007_display_driver              text1        0487
_temp_char                           stringtext   0D12
_transmit_command                    text10       0E0A
_transmit_data                       text4        0DD5
_w1                                  dataBANK0    0066
btemp                                (abs)        007E
delay_1@i                            cstackCOMMON 0075
delay_2@i                            cstackCOMMON 0075
end_of_initialization                cinit        07FC
init_fetch0                          inittext     001C
init_ram0                            inittext     0020
interrupt_function                   intentry     0004
intlevel0                            functab      0000
intlevel1                            functab      0000
intlevel2                            functab      0000
intlevel3                            functab      0000
intlevel4                            functab      0000
intlevel5                            functab      0000
main@delay                           cstackBANK0  0062
output_character_array@array         cstackBANK0  002C
output_character_array@i             cstackBANK0  002A
reset_vec                            reset_vec    0000
saved_w                              (abs)        007E
stackhi                              (abs)        0000
stacklo                              (abs)        0000
start                                init         0012
start_initialization                 cinit        07C9
ste2007_display_driver@Discharge_0   cstackBANK0  0055
ste2007_display_driver@Discharge_1   cstackBANK0  0057
ste2007_display_driver@Discharge_2   cstackBANK0  0059
ste2007_display_driver@F1039         dataBANK1    00A0
ste2007_display_driver@F1041         dataBANK1    00B2
ste2007_display_driver@d             cstackBANK0  002E
ste2007_display_driver@num           cstackBANK0  005B
ste2007_display_driver@num_109       cstackBANK0  005D
ste2007_display_driver@speed         cstackBANK0  004B
ste2007_display_driver@speed_word    cstackBANK0  0039
transmit_command@command             cstackBANK0  0021
transmit_command@i                   cstackBANK0  0022
transmit_data@data                   cstackBANK0  0020
transmit_data@i                      cstackBANK0  0021
wtemp0                               (abs)        007E


FUNCTION INFORMATION:

 *************** function _main *****************
 Defined at:
		line 45 in file "main.c"
 Parameters:    Size  Location     Type
		None
 Auto vars:     Size  Location     Type
  delay           4   66[BANK0 ] unsigned long 
 Return value:  Size  Location     Type
                  2  118[None  ] int 
 Registers used:
		wreg, fsr0l, fsr0h, status,2, status,0, btemp+1, pclath, cstack
 Tracked objects:
		On entry : 
		On exit  : 
		Unchanged: 
 Data sizes:     COMMON   BANK0   BANK1   BANK3   BANK2
      Params:         0       0       0       0       0
      Locals:         0       4       0       0       0
      Temps:          0       4       0       0       0
      Totals:         0       8       0       0       0
Total ram usage:        8 bytes
 Hardware stack levels required when called:    5
 This function calls:
		_T_computing
		___ftdiv
		___ftmul
		___fttol
		___lltoft
		_ste2007_display_driver
 This function is called by:
		Startup code after reset
 This function uses a non-reentrant model


 *************** function _ste2007_display_driver *****************
 Defined at:
		line 446 in file "Nokia_display_driver/STE2007_nokia_1202_display.c"
 Parameters:    Size  Location     Type
  d               7   14[BANK0 ] struct display_dc
 Auto vars:     Size  Location     Type
  num             2   59[BANK0 ] int 
  num             1   61[BANK0 ] unsigned char 
  speed          10   43[BANK0 ] unsigned char [10]
  Discharge_2     2   57[BANK0 ] int 
  Discharge_1     2   55[BANK0 ] int 
  Discharge_0     2   53[BANK0 ] int 
  speed_word     18   25[BANK0 ] unsigned char [18]
 Return value:  Size  Location     Type
                  1    wreg      void 
 Registers used:
		wreg, fsr0l, fsr0h, status,2, status,0, btemp+1, pclath, cstack
 Tracked objects:
		On entry : 
		On exit  : 
		Unchanged: 
 Data sizes:     COMMON   BANK0   BANK1   BANK3   BANK2
      Params:         0       7       0       0       0
      Locals:         0      37       0       0       0
      Temps:          0       4       0       0       0
      Totals:         0      48       0       0       0
Total ram usage:       48 bytes
 Hardware stack levels used:    1
 Hardware stack levels required when called:    4
 This function calls:
		_Page_and_Column_adress_set
		___awdiv
		___awmod
		_delay_1
		_output_character_array
		_transmit_command
		_transmit_data
 This function is called by:
		_main
 This function uses a non-reentrant model


 *************** function _output_character_array *****************
 Defined at:
		line 435 in file "Nokia_display_driver/STE2007_nokia_1202_display.c"
 Parameters:    Size  Location     Type
  array           1    wreg     PTR unsigned char 
		 -> ste2007_display_driver@speed(10), ste2007_display_driver@speed_word(18), 
 Auto vars:     Size  Location     Type
  array           1   12[BANK0 ] PTR unsigned char 
		 -> ste2007_display_driver@speed(10), ste2007_display_driver@speed_word(18), 
  i               2   10[BANK0 ] int 
 Return value:  Size  Location     Type
                  1    wreg      void 
 Registers used:
		wreg, fsr0l, fsr0h, status,2, status,0, btemp+1, pclath, cstack
 Tracked objects:
		On entry : 
		On exit  : 
		Unchanged: 
 Data sizes:     COMMON   BANK0   BANK1   BANK3   BANK2
      Params:         0       0       0       0       0
      Locals:         0       3       0       0       0
      Temps:          0       1       0       0       0
      Totals:         0       4       0       0       0
Total ram usage:        4 bytes
 Hardware stack levels used:    1
 Hardware stack levels required when called:    3
 This function calls:
		_Display_symbol
		_transmit_data
 This function is called by:
		_ste2007_display_driver
 This function uses a non-reentrant model


 *************** function _Display_symbol *****************
 Defined at:
		line 426 in file "Nokia_display_driver/STE2007_nokia_1202_display.c"
 Parameters:    Size  Location     Type
  char_0          1    wreg     unsigned char 
 Auto vars:     Size  Location     Type
  char_0          1    8[BANK0 ] unsigned char 
 Return value:  Size  Location     Type
                  1    wreg      void 
 Registers used:
		wreg, fsr0l, fsr0h, status,2, status,0, btemp+1, pclath, cstack
 Tracked objects:
		On entry : 
		On exit  : 
		Unchanged: 
 Data sizes:     COMMON   BANK0   BANK1   BANK3   BANK2
      Params:         0       0       0       0       0
      Locals:         0       1       0       0       0
      Temps:          0       4       0       0       0
      Totals:         0       5       0       0       0
Total ram usage:        5 bytes
 Hardware stack levels used:    1
 Hardware stack levels required when called:    2
 This function calls:
		___wmul
		_transmit_data
 This function is called by:
		_output_character_array
 This function uses a non-reentrant model


 *************** function _transmit_data *****************
 Defined at:
		line 389 in file "Nokia_display_driver/STE2007_nokia_1202_display.c"
 Parameters:    Size  Location     Type
  data            1    wreg     unsigned char 
 Auto vars:     Size  Location     Type
  data            1    0[BANK0 ] unsigned char 
  i               1    1[BANK0 ] unsigned char 
 Return value:  Size  Location     Type
                  1    wreg      void 
 Registers used:
		wreg, status,2, status,0
 Tracked objects:
		On entry : 
		On exit  : 
		Unchanged: 
 Data sizes:     COMMON   BANK0   BANK1   BANK3   BANK2
      Params:         0       0       0       0       0
      Locals:         0       2       0       0       0
      Temps:          1       0       0       0       0
      Totals:         1       2       0       0       0
Total ram usage:        3 bytes
 Hardware stack levels used:    1
 Hardware stack levels required when called:    1
 This function calls:
		Nothing
 This function is called by:
		_Display_symbol
		_output_character_array
		_ste2007_display_driver
 This function uses a non-reentrant model


 *************** function ___wmul *****************
 Defined at:
		line 15 in file "C:\Program Files (x86)\Microchip\xc8\v1.44\sources\common\Umul16.c"
 Parameters:    Size  Location     Type
  multiplier      2    0[BANK0 ] unsigned int 
  multiplicand    2    2[BANK0 ] unsigned int 
 Auto vars:     Size  Location     Type
  product         2    4[COMMON] unsigned int 
 Return value:  Size  Location     Type
                  2    0[BANK0 ] unsigned int 
 Registers used:
		wreg, status,2, status,0
 Tracked objects:
		On entry : 
		On exit  : 
		Unchanged: 
 Data sizes:     COMMON   BANK0   BANK1   BANK3   BANK2
      Params:         0       4       0       0       0
      Locals:         2       0       0       0       0
      Temps:          0       0       0       0       0
      Totals:         2       4       0       0       0
Total ram usage:        6 bytes
 Hardware stack levels used:    1
 Hardware stack levels required when called:    1
 This function calls:
		Nothing
 This function is called by:
		_Display_symbol
 This function uses a non-reentrant model


 *************** function _delay_1 *****************
 Defined at:
		line 353 in file "Nokia_display_driver/STE2007_nokia_1202_display.c"
 Parameters:    Size  Location     Type
		None
 Auto vars:     Size  Location     Type
  i               2    4[COMMON] int 
 Return value:  Size  Location     Type
                  1    wreg      void 
 Registers used:
		wreg, status,2, status,0
 Tracked objects:
		On entry : 
		On exit  : 
		Unchanged: 
 Data sizes:     COMMON   BANK0   BANK1   BANK3   BANK2
      Params:         0       0       0       0       0
      Locals:         2       0       0       0       0
      Temps:          0       0       0       0       0
      Totals:         2       0       0       0       0
Total ram usage:        2 bytes
 Hardware stack levels used:    1
 Hardware stack levels required when called:    1
 This function calls:
		Nothing
 This function is called by:
		_ste2007_display_driver
 This function uses a non-reentrant model


 *************** function ___awmod *****************
 Defined at:
		line 6 in file "C:\Program Files (x86)\Microchip\xc8\v1.44\sources\common\awmod.c"
 Parameters:    Size  Location     Type
  divisor         2    8[BANK0 ] int 
  dividend        2   10[BANK0 ] int 
 Auto vars:     Size  Location     Type
  sign            1   13[BANK0 ] unsigned char 
  counter         1   12[BANK0 ] unsigned char 
 Return value:  Size  Location     Type
                  2    8[BANK0 ] int 
 Registers used:
		wreg, status,2, status,0
 Tracked objects:
		On entry : 
		On exit  : 
		Unchanged: 
 Data sizes:     COMMON   BANK0   BANK1   BANK3   BANK2
      Params:         0       4       0       0       0
      Locals:         0       2       0       0       0
      Temps:          1       0       0       0       0
      Totals:         1       6       0       0       0
Total ram usage:        7 bytes
 Hardware stack levels used:    1
 Hardware stack levels required when called:    1
 This function calls:
		Nothing
 This function is called by:
		_ste2007_display_driver
 This function uses a non-reentrant model


 *************** function ___awdiv *****************
 Defined at:
		line 6 in file "C:\Program Files (x86)\Microchip\xc8\v1.44\sources\common\awdiv.c"
 Parameters:    Size  Location     Type
  divisor         2    0[BANK0 ] int 
  dividend        2    2[BANK0 ] int 
 Auto vars:     Size  Location     Type
  quotient        2    6[BANK0 ] int 
  sign            1    5[BANK0 ] unsigned char 
  counter         1    4[BANK0 ] unsigned char 
 Return value:  Size  Location     Type
                  2    0[BANK0 ] int 
 Registers used:
		wreg, status,2, status,0
 Tracked objects:
		On entry : 
		On exit  : 
		Unchanged: 
 Data sizes:     COMMON   BANK0   BANK1   BANK3   BANK2
      Params:         0       4       0       0       0
      Locals:         0       4       0       0       0
      Temps:          1       0       0       0       0
      Totals:         1       8       0       0       0
Total ram usage:        9 bytes
 Hardware stack levels used:    1
 Hardware stack levels required when called:    1
 This function calls:
		Nothing
 This function is called by:
		_ste2007_display_driver
 This function uses a non-reentrant model


 *************** function _Page_and_Column_adress_set *****************
 Defined at:
		line 410 in file "Nokia_display_driver/STE2007_nokia_1202_display.c"
 Parameters:    Size  Location     Type
  Page            1    wreg     unsigned char 
  Column          1    3[BANK0 ] unsigned char 
 Auto vars:     Size  Location     Type
  Page            1    6[BANK0 ] unsigned char 
  c1              1    8[BANK0 ] unsigned char 
  c0              1    7[BANK0 ] unsigned char 
 Return value:  Size  Location     Type
                  1    wreg      void 
 Registers used:
		wreg, status,2, status,0, pclath, cstack
 Tracked objects:
		On entry : 
		On exit  : 
		Unchanged: 
 Data sizes:     COMMON   BANK0   BANK1   BANK3   BANK2
      Params:         0       1       0       0       0
      Locals:         0       3       0       0       0
      Temps:          0       2       0       0       0
      Totals:         0       6       0       0       0
Total ram usage:        6 bytes
 Hardware stack levels used:    1
 Hardware stack levels required when called:    3
 This function calls:
		_transmit_command
 This function is called by:
		_ste2007_display_driver
 This function uses a non-reentrant model


 *************** function _transmit_command *****************
 Defined at:
		line 368 in file "Nokia_display_driver/STE2007_nokia_1202_display.c"
 Parameters:    Size  Location     Type
  command         1    wreg     unsigned char 
 Auto vars:     Size  Location     Type
  command         1    1[BANK0 ] unsigned char 
  i               1    2[BANK0 ] unsigned char 
 Return value:  Size  Location     Type
                  1    wreg      void 
 Registers used:
		wreg, status,2, status,0, pclath, cstack
 Tracked objects:
		On entry : 
		On exit  : 
		Unchanged: 
 Data sizes:     COMMON   BANK0   BANK1   BANK3   BANK2
      Params:         0       0       0       0       0
      Locals:         0       2       0       0       0
      Temps:          0       1       0       0       0
      Totals:         0       3       0       0       0
Total ram usage:        3 bytes
 Hardware stack levels used:    1
 Hardware stack levels required when called:    2
 This function calls:
		_delay_2
 This function is called by:
		_Page_and_Column_adress_set
		_ste2007_display_driver
 This function uses a non-reentrant model


 *************** function _delay_2 *****************
 Defined at:
		line 359 in file "Nokia_display_driver/STE2007_nokia_1202_display.c"
 Parameters:    Size  Location     Type
		None
 Auto vars:     Size  Location     Type
  i               2    4[COMMON] int 
 Return value:  Size  Location     Type
                  1    wreg      void 
 Registers used:
		wreg, status,2, status,0
 Tracked objects:
		On entry : 
		On exit  : 
		Unchanged: 
 Data sizes:     COMMON   BANK0   BANK1   BANK3   BANK2
      Params:         0       0       0       0       0
      Locals:         2       0       0       0       0
      Temps:          0       0       0       0       0
      Totals:         2       0       0       0       0
Total ram usage:        2 bytes
 Hardware stack levels used:    1
 Hardware stack levels required when called:    1
 This function calls:
		Nothing
 This function is called by:
		_transmit_command
 This function uses a non-reentrant model


 *************** function ___lltoft *****************
 Defined at:
		line 35 in file "C:\Program Files (x86)\Microchip\xc8\v1.44\sources\common\lltoft.c"
 Parameters:    Size  Location     Type
  c               4    8[BANK0 ] unsigned long 
 Auto vars:     Size  Location     Type
  exp             1    5[COMMON] unsigned char 
 Return value:  Size  Location     Type
                  3    8[BANK0 ] float 
 Registers used:
		wreg, status,2, status,0, pclath, cstack
 Tracked objects:
		On entry : 
		On exit  : 
		Unchanged: 
 Data sizes:     COMMON   BANK0   BANK1   BANK3   BANK2
      Params:         0       4       0       0       0
      Locals:         1       0       0       0       0
      Temps:          1       0       0       0       0
      Totals:         2       4       0       0       0
Total ram usage:        6 bytes
 Hardware stack levels used:    1
 Hardware stack levels required when called:    2
 This function calls:
		___ftpack
 This function is called by:
		_main
 This function uses a non-reentrant model


 *************** function ___fttol *****************
 Defined at:
		line 44 in file "C:\Program Files (x86)\Microchip\xc8\v1.44\sources\common\fttol.c"
 Parameters:    Size  Location     Type
  f1              3    0[BANK0 ] float 
 Auto vars:     Size  Location     Type
  lval            4    9[BANK0 ] unsigned long 
  exp1            1   13[BANK0 ] unsigned char 
  sign1           1    8[BANK0 ] unsigned char 
 Return value:  Size  Location     Type
                  4    0[BANK0 ] long 
 Registers used:
		wreg, status,2, status,0
 Tracked objects:
		On entry : 
		On exit  : 
		Unchanged: 
 Data sizes:     COMMON   BANK0   BANK1   BANK3   BANK2
      Params:         0       4       0       0       0
      Locals:         0       6       0       0       0
      Temps:          0       4       0       0       0
      Totals:         0      14       0       0       0
Total ram usage:       14 bytes
 Hardware stack levels used:    1
 Hardware stack levels required when called:    1
 This function calls:
		Nothing
 This function is called by:
		_main
 This function uses a non-reentrant model


 *************** function ___ftmul *****************
 Defined at:
		line 62 in file "C:\Program Files (x86)\Microchip\xc8\v1.44\sources\common\ftmul.c"
 Parameters:    Size  Location     Type
  f1              3   28[BANK0 ] float 
  f2              3   31[BANK0 ] float 
 Auto vars:     Size  Location     Type
  f3_as_produc    3   39[BANK0 ] unsigned um
  sign            1   43[BANK0 ] unsigned char 
  cntr            1   42[BANK0 ] unsigned char 
  exp             1   38[BANK0 ] unsigned char 
 Return value:  Size  Location     Type
                  3   28[BANK0 ] float 
 Registers used:
		wreg, status,2, status,0, pclath, cstack
 Tracked objects:
		On entry : 
		On exit  : 
		Unchanged: 
 Data sizes:     COMMON   BANK0   BANK1   BANK3   BANK2
      Params:         0       6       0       0       0
      Locals:         0       6       0       0       0
      Temps:          0       4       0       0       0
      Totals:         0      16       0       0       0
Total ram usage:       16 bytes
 Hardware stack levels used:    1
 Hardware stack levels required when called:    2
 This function calls:
		___ftpack
 This function is called by:
		_main
 This function uses a non-reentrant model


 *************** function ___ftdiv *****************
 Defined at:
		line 56 in file "C:\Program Files (x86)\Microchip\xc8\v1.44\sources\common\ftdiv.c"
 Parameters:    Size  Location     Type
  f2              3   12[BANK0 ] float 
  f1              3   15[BANK0 ] float 
 Auto vars:     Size  Location     Type
  f3              3   23[BANK0 ] float 
  sign            1   27[BANK0 ] unsigned char 
  exp             1   26[BANK0 ] unsigned char 
  cntr            1   22[BANK0 ] unsigned char 
 Return value:  Size  Location     Type
                  3   12[BANK0 ] float 
 Registers used:
		wreg, status,2, status,0, pclath, cstack
 Tracked objects:
		On entry : 
		On exit  : 
		Unchanged: 
 Data sizes:     COMMON   BANK0   BANK1   BANK3   BANK2
      Params:         0       6       0       0       0
      Locals:         0       6       0       0       0
      Temps:          0       4       0       0       0
      Totals:         0      16       0       0       0
Total ram usage:       16 bytes
 Hardware stack levels used:    1
 Hardware stack levels required when called:    2
 This function calls:
		___ftpack
 This function is called by:
		_main
 This function uses a non-reentrant model


 *************** function ___ftpack *****************
 Defined at:
		line 62 in file "C:\Program Files (x86)\Microchip\xc8\v1.44\sources\common\float.c"
 Parameters:    Size  Location     Type
  arg             3    0[BANK0 ] unsigned um
  exp             1    3[BANK0 ] unsigned char 
  sign            1    4[BANK0 ] unsigned char 
 Auto vars:     Size  Location     Type
		None
 Return value:  Size  Location     Type
                  3    0[BANK0 ] float 
 Registers used:
		wreg, status,2, status,0
 Tracked objects:
		On entry : 
		On exit  : 
		Unchanged: 
 Data sizes:     COMMON   BANK0   BANK1   BANK3   BANK2
      Params:         0       5       0       0       0
      Locals:         0       0       0       0       0
      Temps:          0       3       0       0       0
      Totals:         0       8       0       0       0
Total ram usage:        8 bytes
 Hardware stack levels used:    1
 Hardware stack levels required when called:    1
 This function calls:
		Nothing
 This function is called by:
		___ftdiv
		___ftmul
		___lltoft
 This function uses a non-reentrant model


 *************** function _T_computing *****************
 Defined at:
		line 217 in file "main.c"
 Parameters:    Size  Location     Type
  w0              1    wreg     PTR struct wheel
		 -> w1(7), 
 Auto vars:     Size  Location     Type
  w0              1   26[BANK0 ] PTR struct wheel
		 -> w1(7), 
  T               4   22[BANK0 ] unsigned long 
 Return value:  Size  Location     Type
                  4   12[BANK0 ] unsigned long 
 Registers used:
		wreg, fsr0l, fsr0h, status,2, status,0, pclath, cstack
 Tracked objects:
		On entry : 
		On exit  : 
		Unchanged: 
 Data sizes:     COMMON   BANK0   BANK1   BANK3   BANK2
      Params:         0       4       0       0       0
      Locals:         0       5       0       0       0
      Temps:          0       6       0       0       0
      Totals:         0      15       0       0       0
Total ram usage:       15 bytes
 Hardware stack levels used:    1
 Hardware stack levels required when called:    2
 This function calls:
		___lmul
		___lwdiv
 This function is called by:
		_main
 This function uses a non-reentrant model


 *************** function ___lwdiv *****************
 Defined at:
		line 6 in file "C:\Program Files (x86)\Microchip\xc8\v1.44\sources\common\lwdiv.c"
 Parameters:    Size  Location     Type
  divisor         2    0[BANK0 ] unsigned int 
  dividend        2    2[BANK0 ] unsigned int 
 Auto vars:     Size  Location     Type
  quotient        2    5[BANK0 ] unsigned int 
  counter         1    4[BANK0 ] unsigned char 
 Return value:  Size  Location     Type
                  2    0[BANK0 ] unsigned int 
 Registers used:
		wreg, status,2, status,0
 Tracked objects:
		On entry : 
		On exit  : 
		Unchanged: 
 Data sizes:     COMMON   BANK0   BANK1   BANK3   BANK2
      Params:         0       4       0       0       0
      Locals:         0       3       0       0       0
      Temps:          1       0       0       0       0
      Totals:         1       7       0       0       0
Total ram usage:        8 bytes
 Hardware stack levels used:    1
 Hardware stack levels required when called:    1
 This function calls:
		Nothing
 This function is called by:
		_T_computing
 This function uses a non-reentrant model


 *************** function ___lmul *****************
 Defined at:
		line 15 in file "C:\Program Files (x86)\Microchip\xc8\v1.44\sources\common\Umul32.c"
 Parameters:    Size  Location     Type
  multiplier      4    0[BANK0 ] unsigned long 
  multiplicand    4    4[BANK0 ] unsigned long 
 Auto vars:     Size  Location     Type
  product         4    8[BANK0 ] unsigned long 
 Return value:  Size  Location     Type
                  4    0[BANK0 ] unsigned long 
 Registers used:
		wreg, status,2, status,0
 Tracked objects:
		On entry : 
		On exit  : 
		Unchanged: 
 Data sizes:     COMMON   BANK0   BANK1   BANK3   BANK2
      Params:         0       8       0       0       0
      Locals:         0       4       0       0       0
      Temps:          1       0       0       0       0
      Totals:         1      12       0       0       0
Total ram usage:       13 bytes
 Hardware stack levels used:    1
 Hardware stack levels required when called:    1
 This function calls:
		Nothing
 This function is called by:
		_T_computing
 This function uses a non-reentrant model


 *************** function _something *****************
 Defined at:
		line 152 in file "main.c"
 Parameters:    Size  Location     Type
		None
 Auto vars:     Size  Location     Type
		None
 Return value:  Size  Location     Type
                  1    wreg      void 
 Registers used:
		wreg, status,2, status,0
 Tracked objects:
		On entry : 
		On exit  : 
		Unchanged: 
 Data sizes:     COMMON   BANK0   BANK1   BANK3   BANK2
      Params:         0       0       0       0       0
      Locals:         0       0       0       0       0
      Temps:          4       0       0       0       0
      Totals:         4       0       0       0       0
Total ram usage:        4 bytes
 Hardware stack levels used:    1
 This function calls:
		Nothing
 This function is called by:
		Interrupt level 1
 This function uses a non-reentrant model



MODULE INFORMATION

Module		Function		Class		Link	Load	Size
C:\Program Files (x86)\Microchip\xc8\v1.44\sources\common\lltoft.c
		___lltoft      		CODE           	0E77	0000	50

C:\Program Files (x86)\Microchip\xc8\v1.44\sources\common\lltoft.c estimated size: 50

C:\Program Files (x86)\Microchip\xc8\v1.44\sources\common\ftmul.c
		___ftmul       		CODE           	02D6	0000	212

C:\Program Files (x86)\Microchip\xc8\v1.44\sources\common\ftmul.c estimated size: 212

C:\Program Files (x86)\Microchip\xc8\v1.44\sources\common\awmod.c
		___awmod       		CODE           	0F58	0000	78

C:\Program Files (x86)\Microchip\xc8\v1.44\sources\common\awmod.c estimated size: 78

Nokia_display_driver/STE2007_nokia_1202_display.c
		_transmit_command		CODE           	0E0A	0000	33
		_transmit_data 		CODE           	0DD5	0000	26
		_output_character_array		CODE           	0E4D	0000	43
		_Page_and_Column_adress_set		CODE           	0EA8	0000	50
		_Display_symbol		CODE           	03A9	0000	223
		_delay_2       		CODE           	0DB7	0000	16
		_delay_1       		CODE           	0DC6	0000	16
		_ste2007_display_driver		CODE           	0487	0000	410

Nokia_display_driver/STE2007_nokia_1202_display.c estimated size: 817

C:\Program Files (x86)\Microchip\xc8\v1.44\sources\common\ftdiv.c
		___ftdiv       		CODE           	021E	0000	185

C:\Program Files (x86)\Microchip\xc8\v1.44\sources\common\ftdiv.c estimated size: 185

C:\Program Files (x86)\Microchip\xc8\v1.44\sources\common\lwdiv.c
		___lwdiv       		CODE           	0ED9	0000	63

C:\Program Files (x86)\Microchip\xc8\v1.44\sources\common\lwdiv.c estimated size: 63

C:\Program Files (x86)\Microchip\xc8\v1.44\sources\common\Umul16.c
		___wmul        		CODE           	0E2A	0000	36

C:\Program Files (x86)\Microchip\xc8\v1.44\sources\common\Umul16.c estimated size: 36

C:\Program Files (x86)\Microchip\xc8\v1.44\sources\common\fttol.c
		___fttol       		CODE           	0101	0000	143

C:\Program Files (x86)\Microchip\xc8\v1.44\sources\common\fttol.c estimated size: 143

shared
		__stringtab    		STRCODE        	0800	0000	19
		_nlcd_Font     		STRCODE        	0812	0000	1281
		__initialization		CODE           	07C9	0000	52
		_temp_char     		STRCODE        	0D12	0000	11

shared estimated size: 1363

C:\Program Files (x86)\Microchip\xc8\v1.44\sources\common\awdiv.c
		___awdiv       		CODE           	0FA5	0000	92

C:\Program Files (x86)\Microchip\xc8\v1.44\sources\common\awdiv.c estimated size: 92

C:\Program Files (x86)\Microchip\xc8\v1.44\sources\common\Umul32.c
		___lmul        		CODE           	0F17	0000	66

C:\Program Files (x86)\Microchip\xc8\v1.44\sources\common\Umul32.c estimated size: 66

main.c
		_something     		CODE           	018F	0000	144
		_main          		CODE           	0620	0000	426
		_T_computing   		CODE           	002D	0000	103

main.c estimated size: 673

C:\Program Files (x86)\Microchip\xc8\v1.44\sources\common\float.c
		___ftpack      		CODE           	0093	0000	111

C:\Program Files (x86)\Microchip\xc8\v1.44\sources\common\float.c estimated size: 111

